⚠ Warning: Next.js inferred your workspace root, but it may not be correct.
 We detected multiple lockfiles and selected the directory of C:\Users\bootcamp\package-lock.json as the root directory.
 To silence this warning, set `turbopack.root` in your Next.js config, or consider removing one of the lockfiles if it's not needed.
   See https://nextjs.org/docs/app/api-reference/config/next-config-js/turbopack#root-directory for more information.
 Detected additional lockfiles: 
   * C:\Users\bootcamp\Desktop\ok\VIP\package-lock.json

▲ Next.js 16.1.6 (Turbopack)

  Creating an optimized production build ...

> Build error occurred
Error: Turbopack build failed with 7 errors:
./Desktop/ok/VIP/src/app/layout.tsx
Specified module format (CommonJs) is not matching the module format of the source code (EcmaScript Modules)
The CommonJs module format was specified in the package.json that is affecting this source file or by using an special extension, but Ecmascript import/export syntax is used in the source code.
The module was automatically converted to an EcmaScript module, but that is in conflict with the specified module format. Either change the "type" field in the package.json or replace EcmaScript import/export syntax with CommonJs syntas in the source file.
In some cases EcmaScript import/export syntax is added by an transform and isn't actually part of the source code. In these cases revisit transformation options to inject the correct syntax.


./Desktop/ok/VIP/src/app/page.tsx
Specified module format (CommonJs) is not matching the module format of the source code (EcmaScript Modules)
The CommonJs module format was specified in the package.json that is affecting this source file or by using an special extension, but Ecmascript import/export syntax is used in the source code.
The module was automatically converted to an EcmaScript module, but that is in conflict with the specified module format. Either change the "type" field in the package.json or replace EcmaScript import/export syntax with CommonJs syntas in the source file.
In some cases EcmaScript import/export syntax is added by an transform and isn't actually part of the source code. In these cases revisit transformation options to inject the correct syntax.

Import traces:
  Client Component Browser:
    ./Desktop/ok/VIP/src/app/page.tsx [Client Component Browser]
    ./Desktop/ok/VIP/src/app/page.tsx [Server Component]

  Client Component SSR:
    ./Desktop/ok/VIP/src/app/page.tsx [Client Component SSR]
    ./Desktop/ok/VIP/src/app/page.tsx [Server Component]


./Desktop/ok/VIP/src/app/room/page.tsx
Specified module format (CommonJs) is not matching the module format of the source code (EcmaScript Modules)
The CommonJs module format was specified in the package.json that is affecting this source file or by using an special extension, but Ecmascript import/export syntax is used in the source code.
The module was automatically converted to an EcmaScript module, but that is in conflict with the specified module format. Either change the "type" field in the package.json or replace EcmaScript import/export syntax with CommonJs syntas in the source file.
In some cases EcmaScript import/export syntax is added by an transform and isn't actually part of the source code. In these cases revisit transformation options to inject the correct syntax.

Import traces:
  Client Component Browser:
    ./Desktop/ok/VIP/src/app/room/page.tsx [Client Component Browser]
    ./Desktop/ok/VIP/src/app/room/page.tsx [Server Component]

  Client Component SSR:
    ./Desktop/ok/VIP/src/app/room/page.tsx [Client Component SSR]
    ./Desktop/ok/VIP/src/app/room/page.tsx [Server Component]


./Desktop/ok/VIP/src/app/sprint/page.tsx
Specified module format (CommonJs) is not matching the module format of the source code (EcmaScript Modules)
The CommonJs module format was specified in the package.json that is affecting this source file or by using an special extension, but Ecmascript import/export syntax is used in the source code.
The module was automatically converted to an EcmaScript module, but that is in conflict with the specified module format. Either change the "type" field in the package.json or replace EcmaScript import/export syntax with CommonJs syntas in the source file.
In some cases EcmaScript import/export syntax is added by an transform and isn't actually part of the source code. In these cases revisit transformation options to inject the correct syntax.

Import traces:
  Client Component Browser:
    ./Desktop/ok/VIP/src/app/sprint/page.tsx [Client Component Browser]
    ./Desktop/ok/VIP/src/app/sprint/page.tsx [Server Component]

  Client Component SSR:
    ./Desktop/ok/VIP/src/app/sprint/page.tsx [Client Component SSR]
    ./Desktop/ok/VIP/src/app/sprint/page.tsx [Server Component]


./Desktop/ok/VIP/src/app/toolbox/page.tsx
Specified module format (CommonJs) is not matching the module format of the source code (EcmaScript Modules)
The CommonJs module format was specified in the package.json that is affecting this source file or by using an special extension, but Ecmascript import/export syntax is used in the source code.
The module was automatically converted to an EcmaScript module, but that is in conflict with the specified module format. Either change the "type" field in the package.json or replace EcmaScript import/export syntax with CommonJs syntas in the source file.
In some cases EcmaScript import/export syntax is added by an transform and isn't actually part of the source code. In these cases revisit transformation options to inject the correct syntax.

Import traces:
  Client Component Browser:
    ./Desktop/ok/VIP/src/app/toolbox/page.tsx [Client Component Browser]
    ./Desktop/ok/VIP/src/app/toolbox/page.tsx [Server Component]

  Client Component SSR:
    ./Desktop/ok/VIP/src/app/toolbox/page.tsx [Client Component SSR]
    ./Desktop/ok/VIP/src/app/toolbox/page.tsx [Server Component]


./Desktop/ok/VIP/src/components/Navigation.tsx
Specified module format (CommonJs) is not matching the module format of the source code (EcmaScript Modules)
The CommonJs module format was specified in the package.json that is affecting this source file or by using an special extension, but Ecmascript import/export syntax is used in the source code.
The module was automatically converted to an EcmaScript module, but that is in conflict with the specified module format. Either change the "type" field in the package.json or replace EcmaScript import/export syntax with CommonJs syntas in the source file.
In some cases EcmaScript import/export syntax is added by an transform and isn't actually part of the source code. In these cases revisit transformation options to inject the correct syntax.

Import trace:
  Server Component:
    ./Desktop/ok/VIP/src/components/Navigation.tsx
    ./Desktop/ok/VIP/src/app/layout.tsx


./Desktop/ok/VIP/src/context/ProgressContext.tsx
Specified module format (CommonJs) is not matching the module format of the source code (EcmaScript Modules)
The CommonJs module format was specified in the package.json that is affecting this source file or by using an special extension, but Ecmascript import/export syntax is used in the source code.
The module was automatically converted to an EcmaScript module, but that is in conflict with the specified module format. Either change the "type" field in the package.json or replace EcmaScript import/export syntax with CommonJs syntas in the source file.
In some cases EcmaScript import/export syntax is added by an transform and isn't actually part of the source code. In these cases revisit transformation options to inject the correct syntax.

Import traces:
  Server Component:
    ./Desktop/ok/VIP/src/context/ProgressContext.tsx
    ./Desktop/ok/VIP/src/app/layout.tsx

  Client Component Browser:
    ./Desktop/ok/VIP/src/context/ProgressContext.tsx [Client Component Browser]
    ./Desktop/ok/VIP/src/app/sprint/page.tsx [Client Component Browser]
    ./Desktop/ok/VIP/src/app/sprint/page.tsx [Server Component]

  Client Component SSR:
    ./Desktop/ok/VIP/src/context/ProgressContext.tsx [Client Component SSR]
    ./Desktop/ok/VIP/src/app/sprint/page.tsx [Client Component SSR]
    ./Desktop/ok/VIP/src/app/sprint/page.tsx [Server Component]


    at ignore-listed frames
